2026-05-21 11:32:00 - payFastInt.php accessed
REQUEST_METHOD: GET
REMOTE_ADDR: ::1
POST data: Array
(
)

GET data: Array
(
)

================================================================================

2026-05-21 11:42:33 - payFastInt.php accessed
REQUEST_METHOD: GET
REMOTE_ADDR: ::1
POST data: Array
(
)

GET data: Array
(
)

================================================================================

2026-05-21 11:43:50 - payFastInt.php accessed
REQUEST_METHOD: POST
REMOTE_ADDR: ::1
POST data: Array
(
    [m_payment_id] => BP-1779356604746-plwmi9s1m
    [pf_payment_id] => 3169423
    [payment_status] => COMPLETE
    [item_name] => INTERMEDIATE PLAN - Evenda Business
    [item_description] => Max Events: Unlimited, Max Guests: 750
    [amount_gross] => 2476.35
    [amount_fee] => -56.96
    [amount_net] => 2419.39
    [custom_str1] => USER-RPLG39-1768465852
    [custom_str2] => PCK-INTER-002
    [custom_str3] => INTERMEDIATE PLAN
    [custom_str4] => business_payment
    [custom_str5] => 
    [custom_int1] => 
    [custom_int2] => 750
    [custom_int3] => 
    [custom_int4] => 
    [custom_int5] => 
    [name_first] => Ananias
    [name_last] => Customer
    [email_address] => sellytlou@gmail.com
    [merchant_id] => 10039229
    [signature] => a55c94b4e070feb1fc2dffe6ebea1a72
)

GET data: Array
(
)

================================================================================

