[2026-04-07 15:08:33] 🚀 handleITN() started
Array
(
    [post_data] => Array
        (
            [m_payment_id] => TKT-1775567302248-ivql5qkf3
            [pf_payment_id] => 3091274
            [payment_status] => COMPLETE
            [item_name] => The Grand  - VIP Tickets
            [item_description] => 3 x VIP ticket(s)
            [amount_gross] => 615.00
            [amount_fee] => -14.15
            [amount_net] => 600.85
            [custom_str1] => TKT1775501209556
            [custom_str2] => vip
            [custom_str3] => 3
            [custom_str4] => {"firstName":"Selly","lastName":"Tlou","email":"Ananiasndou0@gmail.com","phone":"0736933987","event_id":"TKT1775501209556","ticket_type":"vip","quantity":"3"}
            [custom_str5] => 
            [custom_int1] => 
            [custom_int2] => 
            [custom_int3] => 
            [custom_int4] => 
            [custom_int5] => 
            [name_first] => Selly
            [name_last] => Tlou
            [email_address] => Ananiasndou0@gmail.com
            [merchant_id] => 10046113
            [signature] => e0162813e7b242f122ef3c5ec6f81599
        )

)

--------------------------------------------------------------------------------

[2026-04-07 15:08:33] 📊 Payment Data Extracted
Array
(
    [m_payment_id] => TKT-1775567302248-ivql5qkf3
    [pf_payment_id] => 3091274
    [payment_status_raw] => COMPLETE
)

--------------------------------------------------------------------------------

[2026-04-07 15:08:33] ✅ Signature validated successfully
Array
(
    [bookingId] => TKT-1775567302248-ivql5qkf3
)

--------------------------------------------------------------------------------

[2026-04-07 15:08:33] 💰 Processing COMPLETE payment
Array
(
    [bookingId] => TKT-1775567302248-ivql5qkf3
)

--------------------------------------------------------------------------------

[2026-04-07 15:08:33] 💰 Processing payment
Array
(
    [bookingId] => TKT-1775567302248-ivql5qkf3
    [pf_payment_id] => 3091274
)

--------------------------------------------------------------------------------

[2026-04-07 15:08:33] 🔎 BOOKING CHECK
Array
(
    [bookingId] => TKT-1775567302248-ivql5qkf3
    [exists] => YES
)

--------------------------------------------------------------------------------

[2026-04-07 15:08:33] 🧪 UPDATE ATTEMPT
Array
(
    [bookingId] => TKT-1775567302248-ivql5qkf3
    [rows_affected] => 1
)

--------------------------------------------------------------------------------

[2026-04-07 15:08:33] 🧪 VERIFY AFTER UPDATE
Array
(
    [payment_status] => completed
    [pf_payment_id] => 3091274
)

--------------------------------------------------------------------------------

[2026-04-07 15:08:33] ❌ PROCESSING ERROR
Array
(
    [error] => SQLSTATE[HY000]: General error: 1267 Illegal mix of collations (utf8mb4_general_ci,IMPLICIT) and (utf8mb4_unicode_ci,IMPLICIT) for operation '='
)

--------------------------------------------------------------------------------

[2026-04-07 15:12:45] 🚀 handleITN() started
Array
(
    [post_data] => Array
        (
            [m_payment_id] => TKT-1775567548238-0vpp06gsq
            [pf_payment_id] => 3091281
            [payment_status] => COMPLETE
            [item_name] => The Grand  - General Admission Tickets
            [item_description] => 1 x General Admission ticket(s)
            [amount_gross] => 85.00
            [amount_fee] => -2.30
            [amount_net] => 82.70
            [custom_str1] => TKT1775304811940
            [custom_str2] => general
            [custom_str3] => 1
            [custom_str4] => {"firstName":"ANisto","lastName":"Ndou","email":"Ananiasndou0@gmail.com","phone":"0736933987","event_id":"TKT1775304811940","ticket_type":"general","quantity":1}
            [custom_str5] => 
            [custom_int1] => 
            [custom_int2] => 
            [custom_int3] => 
            [custom_int4] => 
            [custom_int5] => 
            [name_first] => ANisto
            [name_last] => Ndou
            [email_address] => Ananiasndou0@gmail.com
            [merchant_id] => 10046113
            [signature] => c72d32ee942aa2a18e8d6cda9bba2c34
        )

)

--------------------------------------------------------------------------------

[2026-04-07 15:12:45] 📊 Payment Data Extracted
Array
(
    [m_payment_id] => TKT-1775567548238-0vpp06gsq
    [pf_payment_id] => 3091281
    [payment_status_raw] => COMPLETE
)

--------------------------------------------------------------------------------

[2026-04-07 15:12:45] ✅ Signature validated successfully
Array
(
    [bookingId] => TKT-1775567548238-0vpp06gsq
)

--------------------------------------------------------------------------------

[2026-04-07 15:12:45] 💰 Processing COMPLETE payment
Array
(
    [bookingId] => TKT-1775567548238-0vpp06gsq
)

--------------------------------------------------------------------------------

[2026-04-07 15:12:45] 💰 Processing payment
Array
(
    [bookingId] => TKT-1775567548238-0vpp06gsq
    [pf_payment_id] => 3091281
)

--------------------------------------------------------------------------------

[2026-04-07 15:12:45] 🔎 BOOKING CHECK
Array
(
    [bookingId] => TKT-1775567548238-0vpp06gsq
    [exists] => YES
)

--------------------------------------------------------------------------------

[2026-04-07 15:12:45] 🧪 UPDATE ATTEMPT
Array
(
    [bookingId] => TKT-1775567548238-0vpp06gsq
    [rows_affected] => 1
)

--------------------------------------------------------------------------------

[2026-04-07 15:12:45] 🧪 VERIFY AFTER UPDATE
Array
(
    [payment_status] => completed
    [pf_payment_id] => 3091281
)

--------------------------------------------------------------------------------

[2026-04-07 15:12:45] ✅ PAYMENT COMPLETED
Array
(
    [bookingId] => TKT-1775567548238-0vpp06gsq
    [pf_payment_id] => 3091281
)

--------------------------------------------------------------------------------

[2026-04-07 15:12:45] 📧 Preparing email
Array
(
    [to] => Ananiasndou0@gmail.com
    [bookingId] => TKT-1775567548238-0vpp06gsq
    [eventName] => The Grand 
)

--------------------------------------------------------------------------------

[2026-04-07 15:12:48] ✅ Email sent successfully
Array
(
    [email] => Ananiasndou0@gmail.com
)

--------------------------------------------------------------------------------

[2026-04-07 15:30:17] 🚀 handleITN() started
Array
(
    [post_data] => Array
        (
            [m_payment_id] => TKT-1775568559126-3nkfgpxqo
            [pf_payment_id] => 3091332
            [payment_status] => COMPLETE
            [item_name] => The Grand  - VIP Tickets
            [item_description] => 10 x VIP ticket(s)
            [amount_gross] => 2015.00
            [amount_fee] => -46.35
            [amount_net] => 1968.65
            [custom_str1] => TKT1775501209556
            [custom_str2] => vip
            [custom_str3] => 10
            [custom_str4] => {"firstName":"Ananias","lastName":"Ndou","email":"Ananiasndou0@gmail.com","phone":"0736933987","event_id":"TKT1775501209556","ticket_type":"vip","quantity":"10"}
            [custom_str5] => 
            [custom_int1] => 
            [custom_int2] => 
            [custom_int3] => 
            [custom_int4] => 
            [custom_int5] => 
            [name_first] => Ananias
            [name_last] => Ndou
            [email_address] => Ananiasndou0@gmail.com
            [merchant_id] => 10046113
            [signature] => 76a3caf5c26b0a8a94c40490f5af9850
        )

)

--------------------------------------------------------------------------------

[2026-04-07 15:30:17] 📊 Payment Data Extracted
Array
(
    [m_payment_id] => TKT-1775568559126-3nkfgpxqo
    [pf_payment_id] => 3091332
    [payment_status_raw] => COMPLETE
)

--------------------------------------------------------------------------------

[2026-04-07 15:30:17] ✅ Signature validated successfully
Array
(
    [bookingId] => TKT-1775568559126-3nkfgpxqo
)

--------------------------------------------------------------------------------

[2026-04-07 15:30:17] 💰 Processing COMPLETE payment
Array
(
    [bookingId] => TKT-1775568559126-3nkfgpxqo
)

--------------------------------------------------------------------------------

[2026-04-07 15:30:17] 💰 Processing payment
Array
(
    [bookingId] => TKT-1775568559126-3nkfgpxqo
    [pf_payment_id] => 3091332
)

--------------------------------------------------------------------------------

[2026-04-07 15:30:17] 🔎 BOOKING CHECK
Array
(
    [bookingId] => TKT-1775568559126-3nkfgpxqo
    [exists] => YES
)

--------------------------------------------------------------------------------

[2026-04-07 15:30:17] 🧪 UPDATE ATTEMPT
Array
(
    [bookingId] => TKT-1775568559126-3nkfgpxqo
    [rows_affected] => 1
)

--------------------------------------------------------------------------------

[2026-04-07 15:30:17] 🧪 VERIFY AFTER UPDATE
Array
(
    [payment_status] => completed
    [pf_payment_id] => 3091332
)

--------------------------------------------------------------------------------

[2026-04-07 15:30:17] ✅ PAYMENT COMPLETED
Array
(
    [bookingId] => TKT-1775568559126-3nkfgpxqo
    [pf_payment_id] => 3091332
)

--------------------------------------------------------------------------------

[2026-04-07 15:30:17] 📧 Preparing email
Array
(
    [to] => Ananiasndou0@gmail.com
    [bookingId] => TKT-1775568559126-3nkfgpxqo
    [eventName] => The Grand 
)

--------------------------------------------------------------------------------

[2026-04-07 15:30:21] ✅ Email sent successfully
Array
(
    [email] => Ananiasndou0@gmail.com
)

--------------------------------------------------------------------------------

[2026-04-07 22:40:57] 🚀 handleITN() started
Array
(
    [post_data] => Array
        (
            [m_payment_id] => TKT-1775594442970-d0iqz7zpw
            [pf_payment_id] => 3091909
            [payment_status] => COMPLETE
            [item_name] => The Grand  - General Admission Tickets
            [item_description] => 4 x General Admission ticket(s)
            [amount_gross] => 295.00
            [amount_fee] => -6.79
            [amount_net] => 288.21
            [custom_str1] => TKT1775501209556
            [custom_str2] => general
            [custom_str3] => 4
            [custom_str4] => {"firstName":"Selly","lastName":"Tlou","email":"Ananiasndou0@gmail.com","phone":"0736933987","event_id":"TKT1775501209556","ticket_type":"general","quantity":"4"}
            [custom_str5] => 
            [custom_int1] => 
            [custom_int2] => 
            [custom_int3] => 
            [custom_int4] => 
            [custom_int5] => 
            [name_first] => Selly
            [name_last] => Tlou
            [email_address] => Ananiasndou0@gmail.com
            [merchant_id] => 10046113
            [signature] => c9d55a4cfadf661e48163020adf5f83a
        )

)

--------------------------------------------------------------------------------

[2026-04-07 22:40:58] 📊 Payment Data Extracted
Array
(
    [m_payment_id] => TKT-1775594442970-d0iqz7zpw
    [pf_payment_id] => 3091909
    [payment_status_raw] => COMPLETE
)

--------------------------------------------------------------------------------

[2026-04-07 22:40:58] ✅ Signature validated successfully
Array
(
    [bookingId] => TKT-1775594442970-d0iqz7zpw
)

--------------------------------------------------------------------------------

[2026-04-07 22:40:58] 💰 Processing COMPLETE payment
Array
(
    [bookingId] => TKT-1775594442970-d0iqz7zpw
)

--------------------------------------------------------------------------------

[2026-04-07 22:40:58] 💰 Processing payment
Array
(
    [bookingId] => TKT-1775594442970-d0iqz7zpw
    [pf_payment_id] => 3091909
)

--------------------------------------------------------------------------------

[2026-04-07 22:40:58] 🔎 BOOKING CHECK
Array
(
    [bookingId] => TKT-1775594442970-d0iqz7zpw
    [exists] => YES
)

--------------------------------------------------------------------------------

[2026-04-07 22:40:58] 🧪 UPDATE ATTEMPT
Array
(
    [bookingId] => TKT-1775594442970-d0iqz7zpw
    [rows_affected] => 1
)

--------------------------------------------------------------------------------

[2026-04-07 22:40:58] 🧪 VERIFY AFTER UPDATE
Array
(
    [payment_status] => completed
    [pf_payment_id] => 3091909
)

--------------------------------------------------------------------------------

[2026-04-07 22:40:58] 🎫 Attempting to deduct tickets
Array
(
    [event_id] => TKT1775501209556
    [ticket_type] => general
    [quantity] => 4
    [bookingId] => TKT-1775594442970-d0iqz7zpw
)

--------------------------------------------------------------------------------

[2026-04-07 22:40:58] 🧾 Deducted ticket quantity
Array
(
    [eventID] => TKT1775501209556
    [ticketType] => general
    [quantityDeducted] => 4
    [rowsAffected] => 1
)

--------------------------------------------------------------------------------

[2026-04-07 22:40:58] ✅ Tickets deducted successfully
Array
(
    [event_id] => TKT1775501209556
    [ticket_type] => general
    [quantity] => 4
)

--------------------------------------------------------------------------------

[2026-04-07 22:40:58] ✅ PAYMENT COMPLETED
Array
(
    [bookingId] => TKT-1775594442970-d0iqz7zpw
    [pf_payment_id] => 3091909
    [tickets_deducted] => Array
        (
            [event_id] => TKT1775501209556
            [ticket_type] => general
            [quantity] => 4
        )

)

--------------------------------------------------------------------------------

[2026-04-07 22:40:58] 📧 Preparing email
Array
(
    [to] => Ananiasndou0@gmail.com
    [bookingId] => TKT-1775594442970-d0iqz7zpw
    [eventName] => The Grand 
)

--------------------------------------------------------------------------------

[2026-04-07 22:41:00] ✅ Email sent successfully
Array
(
    [email] => Ananiasndou0@gmail.com
)

--------------------------------------------------------------------------------

[2026-05-19 22:58:56] 🚀 handleITN() started
Array
(
    [post_data] => Array
        (
            [m_payment_id] => TKT-1779224323761-ilwsd0c0o
            [pf_payment_id] => 3166224
            [payment_status] => COMPLETE
            [item_name] => test ticket event - General Admission Tickets
            [item_description] => 1 x General Admission ticket(s)
            [amount_gross] => 95.00
            [amount_fee] => -2.30
            [amount_net] => 92.70
            [custom_str1] => TKT1779224140885
            [custom_str2] => general
            [custom_str3] => 1
            [custom_str4] => {"firstName":"Ananias","lastName":"Ndou","email":"sellytlou@gmail.com","phone":"0736922987","event_id":"TKT1779224140885","ticket_type":"general","quantity":1,"base_url":"http://localhost/eventa/src/pages"}
            [custom_str5] => 
            [custom_int1] => 
            [custom_int2] => 
            [custom_int3] => 
            [custom_int4] => 
            [custom_int5] => 
            [name_first] => Ananias
            [name_last] => Ndou
            [email_address] => sellytlou@gmail.com
            [merchant_id] => 10039229
            [signature] => 746fef1a77ab67166d8e16bad1004c2c
        )

)

--------------------------------------------------------------------------------

[2026-05-19 22:58:56] 📊 Payment Data Extracted
Array
(
    [m_payment_id] => TKT-1779224323761-ilwsd0c0o
    [pf_payment_id] => 3166224
    [payment_status_raw] => COMPLETE
)

--------------------------------------------------------------------------------

[2026-05-19 22:58:56] ITN Signature String
Array
(
    [string] => m_payment_id=TKT-1779224323761-ilwsd0c0o&pf_payment_id=3166224&payment_status=COMPLETE&item_name=test+ticket+event+-+General+Admission+Tickets&item_description=1+x+General+Admission+ticket%28s%29&amount_gross=95.00&amount_fee=-2.30&amount_net=92.70&custom_str1=TKT1779224140885&custom_str2=general&custom_str3=1&custom_str4=%7B%22firstName%22%3A%22Ananias%22%2C%22lastName%22%3A%22Ndou%22%2C%22email%22%3A%22sellytlou%40gmail.com%22%2C%22phone%22%3A%220736922987%22%2C%22event_id%22%3A%22TKT1779224140885%22%2C%22ticket_type%22%3A%22general%22%2C%22quantity%22%3A1%2C%22base_url%22%3A%22http%3A%2F%2Flocalhost%2Feventa%2Fsrc%2Fpages%22%7D&custom_str5=&custom_int1=&custom_int2=&custom_int3=&custom_int4=&custom_int5=&name_first=Ananias&name_last=Ndou&email_address=sellytlou%40gmail.com&merchant_id=10039229
)

--------------------------------------------------------------------------------

[2026-05-19 22:58:56] Signature Validation
Array
(
    [generated] => 746fef1a77ab67166d8e16bad1004c2c
    [received] => 746fef1a77ab67166d8e16bad1004c2c
)

--------------------------------------------------------------------------------

[2026-05-19 22:58:56] Validation Result
Array
(
    [is_valid] => 1
)

--------------------------------------------------------------------------------

[2026-05-19 22:58:56] ✅ Signature validated successfully
Array
(
    [bookingId] => TKT-1779224323761-ilwsd0c0o
)

--------------------------------------------------------------------------------

[2026-05-19 22:58:57] 💰 Processing COMPLETE payment
Array
(
    [bookingId] => TKT-1779224323761-ilwsd0c0o
)

--------------------------------------------------------------------------------

[2026-05-19 22:58:57] 💰 Processing payment
Array
(
    [bookingId] => TKT-1779224323761-ilwsd0c0o
    [pf_payment_id] => 3166224
)

--------------------------------------------------------------------------------

[2026-05-19 22:58:57] 🔎 BOOKING CHECK
Array
(
    [bookingId] => TKT-1779224323761-ilwsd0c0o
    [exists] => NO
)

--------------------------------------------------------------------------------

[2026-05-19 22:58:57] 📝 Creating booking from ITN
Array
(
)

--------------------------------------------------------------------------------

[2026-05-19 22:58:57] ✅ Booking inserted
Array
(
    [bookingId] => TKT-1779224323761-ilwsd0c0o
)

--------------------------------------------------------------------------------

[2026-05-19 22:58:57] 🧪 UPDATE ATTEMPT
Array
(
    [bookingId] => TKT-1779224323761-ilwsd0c0o
    [rows_affected] => 1
)

--------------------------------------------------------------------------------

[2026-05-19 22:58:57] 🧪 VERIFY AFTER UPDATE
Array
(
    [payment_status] => completed
    [pf_payment_id] => 3166224
)

--------------------------------------------------------------------------------

[2026-05-19 22:58:57] 🎫 Attempting to deduct tickets
Array
(
    [event_id] => TKT1779224140885
    [ticket_type] => general
    [quantity] => 1
    [bookingId] => TKT-1779224323761-ilwsd0c0o
)

--------------------------------------------------------------------------------

[2026-05-19 22:58:57] 🧾 Deducted ticket quantity
Array
(
    [eventID] => TKT1779224140885
    [ticketType] => general
    [quantityDeducted] => 1
    [rowsAffected] => 1
)

--------------------------------------------------------------------------------

[2026-05-19 22:58:57] ✅ Tickets deducted successfully
Array
(
    [event_id] => TKT1779224140885
    [ticket_type] => general
    [quantity] => 1
)

--------------------------------------------------------------------------------

[2026-05-19 22:58:57] ✅ PAYMENT COMPLETED
Array
(
    [bookingId] => TKT-1779224323761-ilwsd0c0o
    [pf_payment_id] => 3166224
    [tickets_deducted] => Array
        (
            [event_id] => TKT1779224140885
            [ticket_type] => general
            [quantity] => 1
        )

)

--------------------------------------------------------------------------------

[2026-05-19 22:58:57] 📧 Preparing email
Array
(
    [to] => sellytlou@gmail.com
    [bookingId] => TKT-1779224323761-ilwsd0c0o
    [eventName] => test ticket event
)

--------------------------------------------------------------------------------

[2026-05-19 22:58:58] ✅ Email sent successfully
Array
(
    [email] => sellytlou@gmail.com
)

--------------------------------------------------------------------------------

