[2026-03-31 02:58:38] === ITN HANDLER STARTED ===
Array
(
    [timestamp] => 2026-03-31 02:58:38
    [post_data] => Array
        (
            [m_payment_id] => PF-1774918706302-uhygr2uwk
            [pf_payment_id] => 3081158
            [payment_status] => COMPLETE
            [item_name] => advanced Package - Evenda
            [item_description] => Max Events: 150, Max Guests: 100
            [amount_gross] => 637.50
            [amount_fee] => -14.66
            [amount_net] => 622.84
            [custom_str1] => USER-2B1V7H-1769468759
            [custom_str2] => PCK-ENTERPRISE-003
            [custom_str3] => advanced
            [custom_str4] => PayFast
            [custom_str5] => 
            [custom_int1] => 150
            [custom_int2] => 100
            [custom_int3] => 
            [custom_int4] => 
            [custom_int5] => 
            [name_first] => SD
            [name_last] => Creatives
            [email_address] => Ananiasndou0@gmail.com
            [merchant_id] => 10046113
            [signature] => 3eb4b72cdb2af6724bd32ac4f16b93a8
        )

    [server] => Array
        (
            [remote_addr] => ::1
            [request_uri] => /eventa/src/pages/php/payFastInt.php
            [http_user_agent] => Mozilla/5.0 (Windows NT 10.0; WOW64; rv:48.0) Gecko/20100101 Firefox/48.0
        )

)

--------------------------------------------------------------------------------

[2026-03-31 02:58:38] Payment Status Check
Array
(
    [payment_status] => COMPLETE
    [m_payment_id] => PF-1774918706302-uhygr2uwk
    [pf_payment_id] => 3081158
)

--------------------------------------------------------------------------------

[2026-03-31 02:58:38] Validation Request
Array
(
    [url] => https://sandbox.payfast.co.za/eng/query/validate
    [query_string] => m_payment_id=PF-1774918706302-uhygr2uwk&pf_payment_id=3081158&payment_status=COMPLETE&item_name=advanced+Package+-+Evenda&item_description=Max+Events%3A+150%2C+Max+Guests%3A+100&amount_gross=637.50&amount_fee=-14.66&amount_net=622.84&custom_str1=USER-2B1V7H-1769468759&custom_str2=PCK-ENTERPRISE-003&custom_str3=advanced&custom_str4=PayFast&custom_str5=&custom_int1=150&custom_int2=100&custom_int3=&custom_int4=&custom_int5=&name_first=SD&name_last=Creatives&email_address=Ananiasndou0%40gmail.com&merchant_id=10046113
)

--------------------------------------------------------------------------------

[2026-03-31 02:58:39] Validation Response
Array
(
    [http_code] => 200
    [response] => HTTP/2 200 
server: nginx/1.27.5
date: Tue, 31 Mar 2026 00:58:39 GMT
content-type: text/html; charset=UTF-8
content-length: 5
cache-control: private, must-revalidate
pragma: no-cache
expires: -1
set-cookie: pf_bid=1.816f979c0d53134c.1774918719; expires=Sun, 30-Mar-2031 00:58:39 GMT; Max-Age=157680000; path=/; secure; httponly
strict-transport-security: max-age=63072000 ; includeSubDomains
x-content-type-options: nosniff
x-xss-protection: 1; mode=block
via: 1.1 google
alt-svc: h3=":443"; ma=2592000

VALID
    [curl_error] => 
)

--------------------------------------------------------------------------------

[2026-03-31 02:58:39] Validation Result
Array
(
    [is_valid] => 1
)

--------------------------------------------------------------------------------

[2026-03-31 02:58:39] Processing COMPLETE payment
Array
(
    [m_payment_id] => PF-1774918706302-uhygr2uwk
)

--------------------------------------------------------------------------------

[2026-03-31 02:58:39] Updated existing user package
Array
(
    [user_id] => USER-2B1V7H-1769468759
    [package_id] => PCK-ENTERPRISE-003
)

--------------------------------------------------------------------------------

[2026-03-31 02:58:39] ✅ PAYMENT COMPLETED ✅
Array
(
    [transaction_id] => PF-1774918706302-uhygr2uwk
    [pf_payment_id] => 3081158
    [user_id] => USER-2B1V7H-1769468759
    [package_id] => PCK-ENTERPRISE-003
)

--------------------------------------------------------------------------------

[2026-03-31 02:58:39] Would send email to: Ananiasndou0@gmail.com
Array
(
    [package] => Array
        (
            [package_type] => advanced
            [max_events] => 150
            [max_guests] => 100
        )

    [amount] => 637.50
)

--------------------------------------------------------------------------------

